Archive member included to satisfy reference by file (symbol)

C:\Program Files\NiboRoboLib\lib\nibo2-m128-16\libnibo2_base.a(display.o)
                              main.o (display_init)
C:\Program Files\NiboRoboLib\lib\nibo2-m128-16\libnibo2_base.a(spi.o)
                              main.o (spi_init)
C:\Program Files\NiboRoboLib\lib\nibo2-m128-16\libnibo2_base.a(gfx.o)
                              main.o (gfx_set_proportional)
C:\Program Files\NiboRoboLib\lib\nibo2-m128-16\libnibo2_base.a(copro.o)
                              main.o (copro_setSpeed)
C:\Program Files\NiboRoboLib\lib\nibo2-m128-16\libnibo2_base.a(bot.o)
                              main.o (bot_init)
C:\Program Files\NiboRoboLib\lib\nibo2-m128-16\libnibo2_base.a(analog.o)
                              C:\Program Files\NiboRoboLib\lib\nibo2-m128-16\libnibo2_base.a(bot.o) (analog_init)
c:/program files (x86)/atmel/studio/7.0/toolchain/avr8/avr8-gnu-toolchain/bin/../lib/gcc/avr/5.4.0/avr51\libgcc.a(_divmodhi4.o)
                              C:\Program Files\NiboRoboLib\lib\nibo2-m128-16\libnibo2_base.a(gfx.o) (__divmodhi4)
c:/program files (x86)/atmel/studio/7.0/toolchain/avr8/avr8-gnu-toolchain/bin/../lib/gcc/avr/5.4.0/avr51\libgcc.a(_exit.o)
                              C:/Program Files (x86)/Atmel/Studio/7.0/Packs/atmel/ATmega_DFP/1.2.209/gcc/dev/atmega128/avr51/crtatmega128.o (exit)
c:/program files (x86)/atmel/studio/7.0/toolchain/avr8/avr8-gnu-toolchain/bin/../lib/gcc/avr/5.4.0/avr51\libgcc.a(_copy_data.o)
                              main.o (__do_copy_data)
c:/program files (x86)/atmel/studio/7.0/toolchain/avr8/avr8-gnu-toolchain/bin/../lib/gcc/avr/5.4.0/avr51\libgcc.a(_clear_bss.o)
                              C:\Program Files\NiboRoboLib\lib\nibo2-m128-16\libnibo2_base.a(display.o) (__do_clear_bss)
c:/program files (x86)/atmel/studio/7.0/toolchain/avr8/avr8-gnu-toolchain/bin/../lib/gcc/avr/5.4.0/avr51\libgcc.a(_udivmodhi4.o)
                              c:/program files (x86)/atmel/studio/7.0/toolchain/avr8/avr8-gnu-toolchain/bin/../lib/gcc/avr/5.4.0/avr51\libgcc.a(_divmodhi4.o) (__udivmodhi4)
c:/program files (x86)/atmel/studio/7.0/toolchain/avr8/avr8-gnu-toolchain/bin/../lib/gcc/avr/5.4.0/../../../../avr/lib/avr51\libc.a(vfprintf_std.o)
                              (vfprintf)
c:/program files (x86)/atmel/studio/7.0/toolchain/avr8/avr8-gnu-toolchain/bin/../lib/gcc/avr/5.4.0/../../../../avr/lib/avr51\libc.a(strnlen_P.o)
                              c:/program files (x86)/atmel/studio/7.0/toolchain/avr8/avr8-gnu-toolchain/bin/../lib/gcc/avr/5.4.0/../../../../avr/lib/avr51\libc.a(vfprintf_std.o) (strnlen_P)
c:/program files (x86)/atmel/studio/7.0/toolchain/avr8/avr8-gnu-toolchain/bin/../lib/gcc/avr/5.4.0/../../../../avr/lib/avr51\libc.a(strnlen.o)
                              c:/program files (x86)/atmel/studio/7.0/toolchain/avr8/avr8-gnu-toolchain/bin/../lib/gcc/avr/5.4.0/../../../../avr/lib/avr51\libc.a(vfprintf_std.o) (strnlen)
c:/program files (x86)/atmel/studio/7.0/toolchain/avr8/avr8-gnu-toolchain/bin/../lib/gcc/avr/5.4.0/../../../../avr/lib/avr51\libc.a(fputc.o)
                              c:/program files (x86)/atmel/studio/7.0/toolchain/avr8/avr8-gnu-toolchain/bin/../lib/gcc/avr/5.4.0/../../../../avr/lib/avr51\libc.a(vfprintf_std.o) (fputc)
c:/program files (x86)/atmel/studio/7.0/toolchain/avr8/avr8-gnu-toolchain/bin/../lib/gcc/avr/5.4.0/../../../../avr/lib/avr51\libc.a(ultoa_invert.o)
                              c:/program files (x86)/atmel/studio/7.0/toolchain/avr8/avr8-gnu-toolchain/bin/../lib/gcc/avr/5.4.0/../../../../avr/lib/avr51\libc.a(vfprintf_std.o) (__ultoa_invert)

Allocating common symbols
Common symbol       size              file

copro_ticks_offset_r
                    0x2               C:\Program Files\NiboRoboLib\lib\nibo2-m128-16\libnibo2_base.a(copro.o)
_display_mode_inv   0x1               C:\Program Files\NiboRoboLib\lib\nibo2-m128-16\libnibo2_base.a(display.o)
copro_ticks_offset_l
                    0x2               C:\Program Files\NiboRoboLib\lib\nibo2-m128-16\libnibo2_base.a(copro.o)
copro_current_l     0x2               C:\Program Files\NiboRoboLib\lib\nibo2-m128-16\libnibo2_base.a(copro.o)
gfx_dm              0x1               C:\Program Files\NiboRoboLib\lib\nibo2-m128-16\libnibo2_base.a(gfx.o)
analog_pos          0x1               C:\Program Files\NiboRoboLib\lib\nibo2-m128-16\libnibo2_base.a(analog.o)
spi_tx_buf          0x1b              C:\Program Files\NiboRoboLib\lib\nibo2-m128-16\libnibo2_base.a(spi.o)
copro_commands      0x15              C:\Program Files\NiboRoboLib\lib\nibo2-m128-16\libnibo2_base.a(copro.o)
spi_rx_size         0x1               C:\Program Files\NiboRoboLib\lib\nibo2-m128-16\libnibo2_base.a(spi.o)
copro_ticks_l       0x2               C:\Program Files\NiboRoboLib\lib\nibo2-m128-16\libnibo2_base.a(copro.o)
analog_flags        0x1               C:\Program Files\NiboRoboLib\lib\nibo2-m128-16\libnibo2_base.a(analog.o)
copro_rc5_cmd       0x2               C:\Program Files\NiboRoboLib\lib\nibo2-m128-16\libnibo2_base.a(copro.o)
copro_distance      0xa               C:\Program Files\NiboRoboLib\lib\nibo2-m128-16\libnibo2_base.a(copro.o)
spi_err_cnt         0x1               C:\Program Files\NiboRoboLib\lib\nibo2-m128-16\libnibo2_base.a(spi.o)
copro_pos_x         0x4               C:\Program Files\NiboRoboLib\lib\nibo2-m128-16\libnibo2_base.a(copro.o)
copro_pos_ori       0x4               C:\Program Files\NiboRoboLib\lib\nibo2-m128-16\libnibo2_base.a(copro.o)
copro_speed_r       0x2               C:\Program Files\NiboRoboLib\lib\nibo2-m128-16\libnibo2_base.a(copro.o)
analog_sample_id    0x1               C:\Program Files\NiboRoboLib\lib\nibo2-m128-16\libnibo2_base.a(analog.o)
analog_samples      0x1a              C:\Program Files\NiboRoboLib\lib\nibo2-m128-16\libnibo2_base.a(analog.o)
spi_tx_size         0x1               C:\Program Files\NiboRoboLib\lib\nibo2-m128-16\libnibo2_base.a(spi.o)
gfx_term_row        0x1               C:\Program Files\NiboRoboLib\lib\nibo2-m128-16\libnibo2_base.a(gfx.o)
gfx_proportional    0x1               C:\Program Files\NiboRoboLib\lib\nibo2-m128-16\libnibo2_base.a(gfx.o)
copro_ticks_r       0x2               C:\Program Files\NiboRoboLib\lib\nibo2-m128-16\libnibo2_base.a(copro.o)
copro_pos_y         0x4               C:\Program Files\NiboRoboLib\lib\nibo2-m128-16\libnibo2_base.a(copro.o)
analog_random_seed  0x2               C:\Program Files\NiboRoboLib\lib\nibo2-m128-16\libnibo2_base.a(analog.o)
bot_supply          0x2               C:\Program Files\NiboRoboLib\lib\nibo2-m128-16\libnibo2_base.a(bot.o)
spi_frame_cnt       0x1               C:\Program Files\NiboRoboLib\lib\nibo2-m128-16\libnibo2_base.a(spi.o)
copro_ir_mode       0x1               C:\Program Files\NiboRoboLib\lib\nibo2-m128-16\libnibo2_base.a(copro.o)
spi_size            0x1               C:\Program Files\NiboRoboLib\lib\nibo2-m128-16\libnibo2_base.a(spi.o)
copro_rc5_count     0x1               C:\Program Files\NiboRoboLib\lib\nibo2-m128-16\libnibo2_base.a(copro.o)
display_type        0x1               C:\Program Files\NiboRoboLib\lib\nibo2-m128-16\libnibo2_base.a(display.o)
gfx_x               0x1               C:\Program Files\NiboRoboLib\lib\nibo2-m128-16\libnibo2_base.a(gfx.o)
copro_current_r     0x2               C:\Program Files\NiboRoboLib\lib\nibo2-m128-16\libnibo2_base.a(copro.o)
copro_buffer        0x1b              C:\Program Files\NiboRoboLib\lib\nibo2-m128-16\libnibo2_base.a(copro.o)
spi_rx_buf          0x1b              C:\Program Files\NiboRoboLib\lib\nibo2-m128-16\libnibo2_base.a(spi.o)
gfx_tile            0x8               C:\Program Files\NiboRoboLib\lib\nibo2-m128-16\libnibo2_base.a(gfx.o)
spi_tx_chk          0x1               C:\Program Files\NiboRoboLib\lib\nibo2-m128-16\libnibo2_base.a(spi.o)
spi_pos             0x1               C:\Program Files\NiboRoboLib\lib\nibo2-m128-16\libnibo2_base.a(spi.o)
gfx_y               0x1               C:\Program Files\NiboRoboLib\lib\nibo2-m128-16\libnibo2_base.a(gfx.o)
copro_target_distance
                    0x2               C:\Program Files\NiboRoboLib\lib\nibo2-m128-16\libnibo2_base.a(copro.o)
spi_rx_chk          0x1               C:\Program Files\NiboRoboLib\lib\nibo2-m128-16\libnibo2_base.a(spi.o)
gfx_term_col        0x1               C:\Program Files\NiboRoboLib\lib\nibo2-m128-16\libnibo2_base.a(gfx.o)
copro_seq           0x1               C:\Program Files\NiboRoboLib\lib\nibo2-m128-16\libnibo2_base.a(copro.o)
copro_speed_l       0x2               C:\Program Files\NiboRoboLib\lib\nibo2-m128-16\libnibo2_base.a(copro.o)

Discarded input sections

 .data          0x00000000        0x0 C:/Program Files (x86)/Atmel/Studio/7.0/Packs/atmel/ATmega_DFP/1.2.209/gcc/dev/atmega128/avr51/crtatmega128.o
 .bss           0x00000000        0x0 C:/Program Files (x86)/Atmel/Studio/7.0/Packs/atmel/ATmega_DFP/1.2.209/gcc/dev/atmega128/avr51/crtatmega128.o
 .text          0x00000000        0x0 main.o
 .data          0x00000000        0x0 main.o
 .bss           0x00000000        0x0 main.o
 .text          0x00000000        0x0 C:\Program Files\NiboRoboLib\lib\nibo2-m128-16\libnibo2_base.a(display.o)
 .data          0x00000000        0x0 C:\Program Files\NiboRoboLib\lib\nibo2-m128-16\libnibo2_base.a(display.o)
 .bss           0x00000000        0x0 C:\Program Files\NiboRoboLib\lib\nibo2-m128-16\libnibo2_base.a(display.o)
 .text          0x00000000        0x0 C:\Program Files\NiboRoboLib\lib\nibo2-m128-16\libnibo2_base.a(spi.o)
 .data          0x00000000        0x0 C:\Program Files\NiboRoboLib\lib\nibo2-m128-16\libnibo2_base.a(spi.o)
 .bss           0x00000000        0x0 C:\Program Files\NiboRoboLib\lib\nibo2-m128-16\libnibo2_base.a(spi.o)
 .text          0x00000000        0x0 C:\Program Files\NiboRoboLib\lib\nibo2-m128-16\libnibo2_base.a(gfx.o)
 .bss           0x00000000        0x0 C:\Program Files\NiboRoboLib\lib\nibo2-m128-16\libnibo2_base.a(gfx.o)
 .text.gfx_get_x
                0x00000000        0x6 C:\Program Files\NiboRoboLib\lib\nibo2-m128-16\libnibo2_base.a(gfx.o)
 .text.gfx_get_y
                0x00000000        0x6 C:\Program Files\NiboRoboLib\lib\nibo2-m128-16\libnibo2_base.a(gfx.o)
 .text.gfx_draw_mode
                0x00000000        0x6 C:\Program Files\NiboRoboLib\lib\nibo2-m128-16\libnibo2_base.a(gfx.o)
 .text.gfx_char_width
                0x00000000       0x42 C:\Program Files\NiboRoboLib\lib\nibo2-m128-16\libnibo2_base.a(gfx.o)
 .text.gfx_text_width
                0x00000000       0x26 C:\Program Files\NiboRoboLib\lib\nibo2-m128-16\libnibo2_base.a(gfx.o)
 .text.gfx_text_width_P
                0x00000000       0x2e C:\Program Files\NiboRoboLib\lib\nibo2-m128-16\libnibo2_base.a(gfx.o)
 .text.gfx_get_proportional
                0x00000000        0x6 C:\Program Files\NiboRoboLib\lib\nibo2-m128-16\libnibo2_base.a(gfx.o)
 .text.gfx_term_goto
                0x00000000       0x12 C:\Program Files\NiboRoboLib\lib\nibo2-m128-16\libnibo2_base.a(gfx.o)
 .text.gfx_term_getCol
                0x00000000        0x6 C:\Program Files\NiboRoboLib\lib\nibo2-m128-16\libnibo2_base.a(gfx.o)
 .text.gfx_term_getRow
                0x00000000        0x6 C:\Program Files\NiboRoboLib\lib\nibo2-m128-16\libnibo2_base.a(gfx.o)
 .text.gfx_store_disp_tile
                0x00000000       0xb0 C:\Program Files\NiboRoboLib\lib\nibo2-m128-16\libnibo2_base.a(gfx.o)
 .text.gfx_term_clear
                0x00000000       0x10 C:\Program Files\NiboRoboLib\lib\nibo2-m128-16\libnibo2_base.a(gfx.o)
 .text.gfx_term_scroll
                0x00000000      0x12c C:\Program Files\NiboRoboLib\lib\nibo2-m128-16\libnibo2_base.a(gfx.o)
 .text.gfx_pixel
                0x00000000       0x26 C:\Program Files\NiboRoboLib\lib\nibo2-m128-16\libnibo2_base.a(gfx.o)
 .text.gfx_draw_xbm_P
                0x00000000      0x162 C:\Program Files\NiboRoboLib\lib\nibo2-m128-16\libnibo2_base.a(gfx.o)
 .text.gfx_draw_xbm
                0x00000000      0x172 C:\Program Files\NiboRoboLib\lib\nibo2-m128-16\libnibo2_base.a(gfx.o)
 .text.gfx_box  0x00000000       0x9e C:\Program Files\NiboRoboLib\lib\nibo2-m128-16\libnibo2_base.a(gfx.o)
 .text.gfx_vline
                0x00000000        0xa C:\Program Files\NiboRoboLib\lib\nibo2-m128-16\libnibo2_base.a(gfx.o)
 .text.gfx_hline
                0x00000000       0x30 C:\Program Files\NiboRoboLib\lib\nibo2-m128-16\libnibo2_base.a(gfx.o)
 .text.gfx_lineTo
                0x00000000      0x118 C:\Program Files\NiboRoboLib\lib\nibo2-m128-16\libnibo2_base.a(gfx.o)
 .text._gfx_term_write_char
                0x00000000       0x7a C:\Program Files\NiboRoboLib\lib\nibo2-m128-16\libnibo2_base.a(gfx.o)
 .text.gfx_term_print_P
                0x00000000       0x20 C:\Program Files\NiboRoboLib\lib\nibo2-m128-16\libnibo2_base.a(gfx.o)
 .text.gfx_term_print
                0x00000000       0x1c C:\Program Files\NiboRoboLib\lib\nibo2-m128-16\libnibo2_base.a(gfx.o)
 .text.gfx_term_write
                0x00000000       0x2c C:\Program Files\NiboRoboLib\lib\nibo2-m128-16\libnibo2_base.a(gfx.o)
 .text.gfx_term_writec
                0x00000000        0xa C:\Program Files\NiboRoboLib\lib\nibo2-m128-16\libnibo2_base.a(gfx.o)
 .text.gfx_term_clearLine
                0x00000000       0x2e C:\Program Files\NiboRoboLib\lib\nibo2-m128-16\libnibo2_base.a(gfx.o)
 .text.gfx_print_text_P
                0x00000000       0x22 C:\Program Files\NiboRoboLib\lib\nibo2-m128-16\libnibo2_base.a(gfx.o)
 .text          0x00000000        0x0 C:\Program Files\NiboRoboLib\lib\nibo2-m128-16\libnibo2_base.a(copro.o)
 .data          0x00000000        0x0 C:\Program Files\NiboRoboLib\lib\nibo2-m128-16\libnibo2_base.a(copro.o)
 .bss           0x00000000        0x0 C:\Program Files\NiboRoboLib\lib\nibo2-m128-16\libnibo2_base.a(copro.o)
 .text._copro_check_busy
                0x00000000       0x24 C:\Program Files\NiboRoboLib\lib\nibo2-m128-16\libnibo2_base.a(copro.o)
 .text.copro_update
                0x00000000      0x146 C:\Program Files\NiboRoboLib\lib\nibo2-m128-16\libnibo2_base.a(copro.o)
 .text.copro_stop
                0x00000000        0xc C:\Program Files\NiboRoboLib\lib\nibo2-m128-16\libnibo2_base.a(copro.o)
 .text.copro_stopImmediate
                0x00000000        0xe C:\Program Files\NiboRoboLib\lib\nibo2-m128-16\libnibo2_base.a(copro.o)
 .text.copro_setPWM
                0x00000000       0x1e C:\Program Files\NiboRoboLib\lib\nibo2-m128-16\libnibo2_base.a(copro.o)
 .text.copro_setTargetAbs
                0x00000000       0x3e C:\Program Files\NiboRoboLib\lib\nibo2-m128-16\libnibo2_base.a(copro.o)
 .text.copro_setTargetRel
                0x00000000       0x26 C:\Program Files\NiboRoboLib\lib\nibo2-m128-16\libnibo2_base.a(copro.o)
 .text.copro_setSpeedParameters
                0x00000000       0x2e C:\Program Files\NiboRoboLib\lib\nibo2-m128-16\libnibo2_base.a(copro.o)
 .text.copro_setPositionParameters
                0x00000000        0x4 C:\Program Files\NiboRoboLib\lib\nibo2-m128-16\libnibo2_base.a(copro.o)
 .text.copro_resetOdometry
                0x00000000       0x50 C:\Program Files\NiboRoboLib\lib\nibo2-m128-16\libnibo2_base.a(copro.o)
 .text.copro_ir_stop
                0x00000000       0x20 C:\Program Files\NiboRoboLib\lib\nibo2-m128-16\libnibo2_base.a(copro.o)
 .text.copro_ir_startMeasure
                0x00000000       0x20 C:\Program Files\NiboRoboLib\lib\nibo2-m128-16\libnibo2_base.a(copro.o)
 .text.copro_transmitRC5
                0x00000000       0x2c C:\Program Files\NiboRoboLib\lib\nibo2-m128-16\libnibo2_base.a(copro.o)
 .text          0x00000000        0x0 C:\Program Files\NiboRoboLib\lib\nibo2-m128-16\libnibo2_base.a(bot.o)
 .data          0x00000000        0x0 C:\Program Files\NiboRoboLib\lib\nibo2-m128-16\libnibo2_base.a(bot.o)
 .bss           0x00000000        0x0 C:\Program Files\NiboRoboLib\lib\nibo2-m128-16\libnibo2_base.a(bot.o)
 .text.bot_update
                0x00000000       0x12 C:\Program Files\NiboRoboLib\lib\nibo2-m128-16\libnibo2_base.a(bot.o)
 .progmem.data  0x00000000        0x8 C:\Program Files\NiboRoboLib\lib\nibo2-m128-16\libnibo2_base.a(bot.o)
 COMMON         0x00000000        0x2 C:\Program Files\NiboRoboLib\lib\nibo2-m128-16\libnibo2_base.a(bot.o)
 .text          0x00000000        0x0 C:\Program Files\NiboRoboLib\lib\nibo2-m128-16\libnibo2_base.a(analog.o)
 .data          0x00000000        0x0 C:\Program Files\NiboRoboLib\lib\nibo2-m128-16\libnibo2_base.a(analog.o)
 .bss           0x00000000        0x0 C:\Program Files\NiboRoboLib\lib\nibo2-m128-16\libnibo2_base.a(analog.o)
 .text.analog_end
                0x00000000        0x4 C:\Program Files\NiboRoboLib\lib\nibo2-m128-16\libnibo2_base.a(analog.o)
 .text.analog_getValue
                0x00000000       0x18 C:\Program Files\NiboRoboLib\lib\nibo2-m128-16\libnibo2_base.a(analog.o)
 .text.analog_getRandomSeed
                0x00000000       0x10 C:\Program Files\NiboRoboLib\lib\nibo2-m128-16\libnibo2_base.a(analog.o)
 .text.analog_wait_update
                0x00000000        0xe C:\Program Files\NiboRoboLib\lib\nibo2-m128-16\libnibo2_base.a(analog.o)
 .text          0x00000000        0x0 c:/program files (x86)/atmel/studio/7.0/toolchain/avr8/avr8-gnu-toolchain/bin/../lib/gcc/avr/5.4.0/avr51\libgcc.a(_divmodhi4.o)
 .data          0x00000000        0x0 c:/program files (x86)/atmel/studio/7.0/toolchain/avr8/avr8-gnu-toolchain/bin/../lib/gcc/avr/5.4.0/avr51\libgcc.a(_divmodhi4.o)
 .bss           0x00000000        0x0 c:/program files (x86)/atmel/studio/7.0/toolchain/avr8/avr8-gnu-toolchain/bin/../lib/gcc/avr/5.4.0/avr51\libgcc.a(_divmodhi4.o)
 .text.libgcc.mul
                0x00000000        0x0 c:/program files (x86)/atmel/studio/7.0/toolchain/avr8/avr8-gnu-toolchain/bin/../lib/gcc/avr/5.4.0/avr51\libgcc.a(_divmodhi4.o)
 .text.libgcc.div
                0x00000000       0x28 c:/program files (x86)/atmel/studio/7.0/toolchain/avr8/avr8-gnu-toolchain/bin/../lib/gcc/avr/5.4.0/avr51\libgcc.a(_divmodhi4.o)
 .text.libgcc   0x00000000        0x0 c:/program files (x86)/atmel/studio/7.0/toolchain/avr8/avr8-gnu-toolchain/bin/../lib/gcc/avr/5.4.0/avr51\libgcc.a(_divmodhi4.o)
 .text.libgcc.prologue
                0x00000000        0x0 c:/program files (x86)/atmel/studio/7.0/toolchain/avr8/avr8-gnu-toolchain/bin/../lib/gcc/avr/5.4.0/avr51\libgcc.a(_divmodhi4.o)
 .text.libgcc.builtins
                0x00000000        0x0 c:/program files (x86)/atmel/studio/7.0/toolchain/avr8/avr8-gnu-toolchain/bin/../lib/gcc/avr/5.4.0/avr51\libgcc.a(_divmodhi4.o)
 .text.libgcc.fmul
                0x00000000        0x0 c:/program files (x86)/atmel/studio/7.0/toolchain/avr8/avr8-gnu-toolchain/bin/../lib/gcc/avr/5.4.0/avr51\libgcc.a(_divmodhi4.o)
 .text.libgcc.fixed
                0x00000000        0x0 c:/program files (x86)/atmel/studio/7.0/toolchain/avr8/avr8-gnu-toolchain/bin/../lib/gcc/avr/5.4.0/avr51\libgcc.a(_divmodhi4.o)
 .text          0x00000000        0x0 c:/program files (x86)/atmel/studio/7.0/toolchain/avr8/avr8-gnu-toolchain/bin/../lib/gcc/avr/5.4.0/avr51\libgcc.a(_exit.o)
 .data          0x00000000        0x0 c:/program files (x86)/atmel/studio/7.0/toolchain/avr8/avr8-gnu-toolchain/bin/../lib/gcc/avr/5.4.0/avr51\libgcc.a(_exit.o)
 .bss           0x00000000        0x0 c:/program files (x86)/atmel/studio/7.0/toolchain/avr8/avr8-gnu-toolchain/bin/../lib/gcc/avr/5.4.0/avr51\libgcc.a(_exit.o)
 .text.libgcc.mul
                0x00000000        0x0 c:/program files (x86)/atmel/studio/7.0/toolchain/avr8/avr8-gnu-toolchain/bin/../lib/gcc/avr/5.4.0/avr51\libgcc.a(_exit.o)
 .text.libgcc.div
                0x00000000        0x0 c:/program files (x86)/atmel/studio/7.0/toolchain/avr8/avr8-gnu-toolchain/bin/../lib/gcc/avr/5.4.0/avr51\libgcc.a(_exit.o)
 .text.libgcc   0x00000000        0x0 c:/program files (x86)/atmel/studio/7.0/toolchain/avr8/avr8-gnu-toolchain/bin/../lib/gcc/avr/5.4.0/avr51\libgcc.a(_exit.o)
 .text.libgcc.prologue
                0x00000000        0x0 c:/program files (x86)/atmel/studio/7.0/toolchain/avr8/avr8-gnu-toolchain/bin/../lib/gcc/avr/5.4.0/avr51\libgcc.a(_exit.o)
 .text.libgcc.builtins
                0x00000000        0x0 c:/program files (x86)/atmel/studio/7.0/toolchain/avr8/avr8-gnu-toolchain/bin/../lib/gcc/avr/5.4.0/avr51\libgcc.a(_exit.o)
 .text.libgcc.fmul
                0x00000000        0x0 c:/program files (x86)/atmel/studio/7.0/toolchain/avr8/avr8-gnu-toolchain/bin/../lib/gcc/avr/5.4.0/avr51\libgcc.a(_exit.o)
 .text.libgcc.fixed
                0x00000000        0x0 c:/program files (x86)/atmel/studio/7.0/toolchain/avr8/avr8-gnu-toolchain/bin/../lib/gcc/avr/5.4.0/avr51\libgcc.a(_exit.o)
 .text          0x00000000        0x0 c:/program files (x86)/atmel/studio/7.0/toolchain/avr8/avr8-gnu-toolchain/bin/../lib/gcc/avr/5.4.0/avr51\libgcc.a(_copy_data.o)
 .data          0x00000000        0x0 c:/program files (x86)/atmel/studio/7.0/toolchain/avr8/avr8-gnu-toolchain/bin/../lib/gcc/avr/5.4.0/avr51\libgcc.a(_copy_data.o)
 .bss           0x00000000        0x0 c:/program files (x86)/atmel/studio/7.0/toolchain/avr8/avr8-gnu-toolchain/bin/../lib/gcc/avr/5.4.0/avr51\libgcc.a(_copy_data.o)
 .text.libgcc.mul
                0x00000000        0x0 c:/program files (x86)/atmel/studio/7.0/toolchain/avr8/avr8-gnu-toolchain/bin/../lib/gcc/avr/5.4.0/avr51\libgcc.a(_copy_data.o)
 .text.libgcc.div
                0x00000000        0x0 c:/program files (x86)/atmel/studio/7.0/toolchain/avr8/avr8-gnu-toolchain/bin/../lib/gcc/avr/5.4.0/avr51\libgcc.a(_copy_data.o)
 .text.libgcc   0x00000000        0x0 c:/program files (x86)/atmel/studio/7.0/toolchain/avr8/avr8-gnu-toolchain/bin/../lib/gcc/avr/5.4.0/avr51\libgcc.a(_copy_data.o)
 .text.libgcc.prologue
                0x00000000        0x0 c:/program files (x86)/atmel/studio/7.0/toolchain/avr8/avr8-gnu-toolchain/bin/../lib/gcc/avr/5.4.0/avr51\libgcc.a(_copy_data.o)
 .text.libgcc.builtins
                0x00000000        0x0 c:/program files (x86)/atmel/studio/7.0/toolchain/avr8/avr8-gnu-toolchain/bin/../lib/gcc/avr/5.4.0/avr51\libgcc.a(_copy_data.o)
 .text.libgcc.fmul
                0x00000000        0x0 c:/program files (x86)/atmel/studio/7.0/toolchain/avr8/avr8-gnu-toolchain/bin/../lib/gcc/avr/5.4.0/avr51\libgcc.a(_copy_data.o)
 .text.libgcc.fixed
                0x00000000        0x0 c:/program files (x86)/atmel/studio/7.0/toolchain/avr8/avr8-gnu-toolchain/bin/../lib/gcc/avr/5.4.0/avr51\libgcc.a(_copy_data.o)
 .text          0x00000000        0x0 c:/program files (x86)/atmel/studio/7.0/toolchain/avr8/avr8-gnu-toolchain/bin/../lib/gcc/avr/5.4.0/avr51\libgcc.a(_clear_bss.o)
 .data          0x00000000        0x0 c:/program files (x86)/atmel/studio/7.0/toolchain/avr8/avr8-gnu-toolchain/bin/../lib/gcc/avr/5.4.0/avr51\libgcc.a(_clear_bss.o)
 .bss           0x00000000        0x0 c:/program files (x86)/atmel/studio/7.0/toolchain/avr8/avr8-gnu-toolchain/bin/../lib/gcc/avr/5.4.0/avr51\libgcc.a(_clear_bss.o)
 .text.libgcc.mul
                0x00000000        0x0 c:/program files (x86)/atmel/studio/7.0/toolchain/avr8/avr8-gnu-toolchain/bin/../lib/gcc/avr/5.4.0/avr51\libgcc.a(_clear_bss.o)
 .text.libgcc.div
                0x00000000        0x0 c:/program files (x86)/atmel/studio/7.0/toolchain/avr8/avr8-gnu-toolchain/bin/../lib/gcc/avr/5.4.0/avr51\libgcc.a(_clear_bss.o)
 .text.libgcc   0x00000000        0x0 c:/program files (x86)/atmel/studio/7.0/toolchain/avr8/avr8-gnu-toolchain/bin/../lib/gcc/avr/5.4.0/avr51\libgcc.a(_clear_bss.o)
 .text.libgcc.prologue
                0x00000000        0x0 c:/program files (x86)/atmel/studio/7.0/toolchain/avr8/avr8-gnu-toolchain/bin/../lib/gcc/avr/5.4.0/avr51\libgcc.a(_clear_bss.o)
 .text.libgcc.builtins
                0x00000000        0x0 c:/program files (x86)/atmel/studio/7.0/toolchain/avr8/avr8-gnu-toolchain/bin/../lib/gcc/avr/5.4.0/avr51\libgcc.a(_clear_bss.o)
 .text.libgcc.fmul
                0x00000000        0x0 c:/program files (x86)/atmel/studio/7.0/toolchain/avr8/avr8-gnu-toolchain/bin/../lib/gcc/avr/5.4.0/avr51\libgcc.a(_clear_bss.o)
 .text.libgcc.fixed
                0x00000000        0x0 c:/program files (x86)/atmel/studio/7.0/toolchain/avr8/avr8-gnu-toolchain/bin/../lib/gcc/avr/5.4.0/avr51\libgcc.a(_clear_bss.o)
 .text          0x00000000        0x0 c:/program files (x86)/atmel/studio/7.0/toolchain/avr8/avr8-gnu-toolchain/bin/../lib/gcc/avr/5.4.0/avr51\libgcc.a(_udivmodhi4.o)
 .data          0x00000000        0x0 c:/program files (x86)/atmel/studio/7.0/toolchain/avr8/avr8-gnu-toolchain/bin/../lib/gcc/avr/5.4.0/avr51\libgcc.a(_udivmodhi4.o)
 .bss           0x00000000        0x0 c:/program files (x86)/atmel/studio/7.0/toolchain/avr8/avr8-gnu-toolchain/bin/../lib/gcc/avr/5.4.0/avr51\libgcc.a(_udivmodhi4.o)
 .text.libgcc.mul
                0x00000000        0x0 c:/program files (x86)/atmel/studio/7.0/toolchain/avr8/avr8-gnu-toolchain/bin/../lib/gcc/avr/5.4.0/avr51\libgcc.a(_udivmodhi4.o)
 .text.libgcc.div
                0x00000000       0x28 c:/program files (x86)/atmel/studio/7.0/toolchain/avr8/avr8-gnu-toolchain/bin/../lib/gcc/avr/5.4.0/avr51\libgcc.a(_udivmodhi4.o)
 .text.libgcc   0x00000000        0x0 c:/program files (x86)/atmel/studio/7.0/toolchain/avr8/avr8-gnu-toolchain/bin/../lib/gcc/avr/5.4.0/avr51\libgcc.a(_udivmodhi4.o)
 .text.libgcc.prologue
                0x00000000        0x0 c:/program files (x86)/atmel/studio/7.0/toolchain/avr8/avr8-gnu-toolchain/bin/../lib/gcc/avr/5.4.0/avr51\libgcc.a(_udivmodhi4.o)
 .text.libgcc.builtins
                0x00000000        0x0 c:/program files (x86)/atmel/studio/7.0/toolchain/avr8/avr8-gnu-toolchain/bin/../lib/gcc/avr/5.4.0/avr51\libgcc.a(_udivmodhi4.o)
 .text.libgcc.fmul
                0x00000000        0x0 c:/program files (x86)/atmel/studio/7.0/toolchain/avr8/avr8-gnu-toolchain/bin/../lib/gcc/avr/5.4.0/avr51\libgcc.a(_udivmodhi4.o)
 .text.libgcc.fixed
                0x00000000        0x0 c:/program files (x86)/atmel/studio/7.0/toolchain/avr8/avr8-gnu-toolchain/bin/../lib/gcc/avr/5.4.0/avr51\libgcc.a(_udivmodhi4.o)
 .text          0x00000000        0x0 c:/program files (x86)/atmel/studio/7.0/toolchain/avr8/avr8-gnu-toolchain/bin/../lib/gcc/avr/5.4.0/../../../../avr/lib/avr51\libc.a(vfprintf_std.o)
 .data          0x00000000        0x0 c:/program files (x86)/atmel/studio/7.0/toolchain/avr8/avr8-gnu-toolchain/bin/../lib/gcc/avr/5.4.0/../../../../avr/lib/avr51\libc.a(vfprintf_std.o)
 .bss           0x00000000        0x0 c:/program files (x86)/atmel/studio/7.0/toolchain/avr8/avr8-gnu-toolchain/bin/../lib/gcc/avr/5.4.0/../../../../avr/lib/avr51\libc.a(vfprintf_std.o)
 .text          0x00000000        0x0 c:/program files (x86)/atmel/studio/7.0/toolchain/avr8/avr8-gnu-toolchain/bin/../lib/gcc/avr/5.4.0/../../../../avr/lib/avr51\libc.a(strnlen_P.o)
 .data          0x00000000        0x0 c:/program files (x86)/atmel/studio/7.0/toolchain/avr8/avr8-gnu-toolchain/bin/../lib/gcc/avr/5.4.0/../../../../avr/lib/avr51\libc.a(strnlen_P.o)
 .bss           0x00000000        0x0 c:/program files (x86)/atmel/studio/7.0/toolchain/avr8/avr8-gnu-toolchain/bin/../lib/gcc/avr/5.4.0/../../../../avr/lib/avr51\libc.a(strnlen_P.o)
 .text          0x00000000        0x0 c:/program files (x86)/atmel/studio/7.0/toolchain/avr8/avr8-gnu-toolchain/bin/../lib/gcc/avr/5.4.0/../../../../avr/lib/avr51\libc.a(strnlen.o)
 .data          0x00000000        0x0 c:/program files (x86)/atmel/studio/7.0/toolchain/avr8/avr8-gnu-toolchain/bin/../lib/gcc/avr/5.4.0/../../../../avr/lib/avr51\libc.a(strnlen.o)
 .bss           0x00000000        0x0 c:/program files (x86)/atmel/studio/7.0/toolchain/avr8/avr8-gnu-toolchain/bin/../lib/gcc/avr/5.4.0/../../../../avr/lib/avr51\libc.a(strnlen.o)
 .text          0x00000000        0x0 c:/program files (x86)/atmel/studio/7.0/toolchain/avr8/avr8-gnu-toolchain/bin/../lib/gcc/avr/5.4.0/../../../../avr/lib/avr51\libc.a(fputc.o)
 .data          0x00000000        0x0 c:/program files (x86)/atmel/studio/7.0/toolchain/avr8/avr8-gnu-toolchain/bin/../lib/gcc/avr/5.4.0/../../../../avr/lib/avr51\libc.a(fputc.o)
 .bss           0x00000000        0x0 c:/program files (x86)/atmel/studio/7.0/toolchain/avr8/avr8-gnu-toolchain/bin/../lib/gcc/avr/5.4.0/../../../../avr/lib/avr51\libc.a(fputc.o)
 .text          0x00000000        0x0 c:/program files (x86)/atmel/studio/7.0/toolchain/avr8/avr8-gnu-toolchain/bin/../lib/gcc/avr/5.4.0/../../../../avr/lib/avr51\libc.a(ultoa_invert.o)
 .data          0x00000000        0x0 c:/program files (x86)/atmel/studio/7.0/toolchain/avr8/avr8-gnu-toolchain/bin/../lib/gcc/avr/5.4.0/../../../../avr/lib/avr51\libc.a(ultoa_invert.o)
 .bss           0x00000000        0x0 c:/program files (x86)/atmel/studio/7.0/toolchain/avr8/avr8-gnu-toolchain/bin/../lib/gcc/avr/5.4.0/../../../../avr/lib/avr51\libc.a(ultoa_invert.o)

Memory Configuration

Name             Origin             Length             Attributes
text             0x00000000         0x00020000         xr
data             0x00800100         0x0000ff00         rw !x
eeprom           0x00810000         0x00010000         rw !x
fuse             0x00820000         0x00000003         rw !x
lock             0x00830000         0x00000400         rw !x
signature        0x00840000         0x00000400         rw !x
user_signatures  0x00850000         0x00000400         rw !x
*default*        0x00000000         0xffffffff

Linker script and memory map

Address of section .data set to 0x800100
LOAD C:/Program Files (x86)/Atmel/Studio/7.0/Packs/atmel/ATmega_DFP/1.2.209/gcc/dev/atmega128/avr51/crtatmega128.o
LOAD main.o
START GROUP
LOAD C:\Program Files\NiboRoboLib\lib\nibo2-m128-16\libnibo2_base.a
END GROUP
START GROUP
LOAD c:/program files (x86)/atmel/studio/7.0/toolchain/avr8/avr8-gnu-toolchain/bin/../lib/gcc/avr/5.4.0/avr51\libgcc.a
LOAD c:/program files (x86)/atmel/studio/7.0/toolchain/avr8/avr8-gnu-toolchain/bin/../lib/gcc/avr/5.4.0/../../../../avr/lib/avr51\libm.a
LOAD c:/program files (x86)/atmel/studio/7.0/toolchain/avr8/avr8-gnu-toolchain/bin/../lib/gcc/avr/5.4.0/../../../../avr/lib/avr51\libc.a
LOAD C:/Program Files (x86)/Atmel/Studio/7.0/Packs/atmel/ATmega_DFP/1.2.209/gcc/dev/atmega128/avr51\libatmega128.a
END GROUP
                0x00020000                __TEXT_REGION_LENGTH__ = DEFINED (__TEXT_REGION_LENGTH__)?__TEXT_REGION_LENGTH__:0x20000
                0x0000ff00                __DATA_REGION_LENGTH__ = DEFINED (__DATA_REGION_LENGTH__)?__DATA_REGION_LENGTH__:0xff00
                0x00010000                __EEPROM_REGION_LENGTH__ = DEFINED (__EEPROM_REGION_LENGTH__)?__EEPROM_REGION_LENGTH__:0x10000
                [0x00000003]                __FUSE_REGION_LENGTH__ = DEFINED (__FUSE_REGION_LENGTH__)?__FUSE_REGION_LENGTH__:0x400
                0x00000400                __LOCK_REGION_LENGTH__ = DEFINED (__LOCK_REGION_LENGTH__)?__LOCK_REGION_LENGTH__:0x400
                0x00000400                __SIGNATURE_REGION_LENGTH__ = DEFINED (__SIGNATURE_REGION_LENGTH__)?__SIGNATURE_REGION_LENGTH__:0x400
                0x00000400                __USER_SIGNATURE_REGION_LENGTH__ = DEFINED (__USER_SIGNATURE_REGION_LENGTH__)?__USER_SIGNATURE_REGION_LENGTH__:0x400

.hash
 *(.hash)

.dynsym
 *(.dynsym)

.dynstr
 *(.dynstr)

.gnu.version
 *(.gnu.version)

.gnu.version_d
 *(.gnu.version_d)

.gnu.version_r
 *(.gnu.version_r)

.rel.init
 *(.rel.init)

.rela.init
 *(.rela.init)

.rel.text
 *(.rel.text)
 *(.rel.text.*)
 *(.rel.gnu.linkonce.t*)

.rela.text
 *(.rela.text)
 *(.rela.text.*)
 *(.rela.gnu.linkonce.t*)

.rel.fini
 *(.rel.fini)

.rela.fini
 *(.rela.fini)

.rel.rodata
 *(.rel.rodata)
 *(.rel.rodata.*)
 *(.rel.gnu.linkonce.r*)

.rela.rodata
 *(.rela.rodata)
 *(.rela.rodata.*)
 *(.rela.gnu.linkonce.r*)

.rel.data
 *(.rel.data)
 *(.rel.data.*)
 *(.rel.gnu.linkonce.d*)

.rela.data
 *(.rela.data)
 *(.rela.data.*)
 *(.rela.gnu.linkonce.d*)

.rel.ctors
 *(.rel.ctors)

.rela.ctors
 *(.rela.ctors)

.rel.dtors
 *(.rel.dtors)

.rela.dtors
 *(.rela.dtors)

.rel.got
 *(.rel.got)

.rela.got
 *(.rela.got)

.rel.bss
 *(.rel.bss)

.rela.bss
 *(.rela.bss)

.rel.plt
 *(.rel.plt)

.rela.plt
 *(.rela.plt)

.text           0x00000000      0xfda
 *(.vectors)
 .vectors       0x00000000       0x8c C:/Program Files (x86)/Atmel/Studio/7.0/Packs/atmel/ATmega_DFP/1.2.209/gcc/dev/atmega128/avr51/crtatmega128.o
                0x00000000                __vector_default
                0x00000000                __vectors
 *(.vectors)
 *(.progmem.gcc*)
                0x0000008c                . = ALIGN (0x2)
                0x0000008c                __trampolines_start = .
 *(.trampolines)
 .trampolines   0x0000008c        0x0 linker stubs
 *(.trampolines*)
                0x0000008c                __trampolines_end = .
 *libprintf_flt.a:*(.progmem.data)
 *libc.a:*(.progmem.data)
 *(.progmem*)
                0x0000008c                . = ALIGN (0x2)
 *(.jumptables)
 *(.jumptables*)
 *(.lowtext)
 *(.lowtext*)
                0x0000008c                __ctors_start = .
 *(.ctors)
                0x0000008c                __ctors_end = .
                0x0000008c                __dtors_start = .
 *(.dtors)
                0x0000008c                __dtors_end = .
 SORT(*)(.ctors)
 SORT(*)(.dtors)
 *(.init0)
 .init0         0x0000008c        0x0 C:/Program Files (x86)/Atmel/Studio/7.0/Packs/atmel/ATmega_DFP/1.2.209/gcc/dev/atmega128/avr51/crtatmega128.o
                0x0000008c                __init
 *(.init0)
 *(.init1)
 *(.init1)
 *(.init2)
 .init2         0x0000008c        0xc C:/Program Files (x86)/Atmel/Studio/7.0/Packs/atmel/ATmega_DFP/1.2.209/gcc/dev/atmega128/avr51/crtatmega128.o
 *(.init2)
 *(.init3)
 *(.init3)
 *(.init4)
 .init4         0x00000098       0x1a c:/program files (x86)/atmel/studio/7.0/toolchain/avr8/avr8-gnu-toolchain/bin/../lib/gcc/avr/5.4.0/avr51\libgcc.a(_copy_data.o)
                0x00000098                __do_copy_data
 .init4         0x000000b2       0x10 c:/program files (x86)/atmel/studio/7.0/toolchain/avr8/avr8-gnu-toolchain/bin/../lib/gcc/avr/5.4.0/avr51\libgcc.a(_clear_bss.o)
                0x000000b2                __do_clear_bss
 *(.init4)
 *(.init5)
 *(.init5)
 *(.init6)
 *(.init6)
 *(.init7)
 *(.init7)
 *(.init8)
 *(.init8)
 *(.init9)
 .init9         0x000000c2        0x4 C:/Program Files (x86)/Atmel/Studio/7.0/Packs/atmel/ATmega_DFP/1.2.209/gcc/dev/atmega128/avr51/crtatmega128.o
 *(.init9)
 *(.text)
 .text          0x000000c6        0x2 C:/Program Files (x86)/Atmel/Studio/7.0/Packs/atmel/ATmega_DFP/1.2.209/gcc/dev/atmega128/avr51/crtatmega128.o
                0x000000c6                __vector_22
                0x000000c6                __vector_28
                0x000000c6                __vector_1
                0x000000c6                __vector_32
                0x000000c6                __vector_34
                0x000000c6                __vector_24
                0x000000c6                __vector_12
                0x000000c6                __bad_interrupt
                0x000000c6                __vector_6
                0x000000c6                __vector_31
                0x000000c6                __vector_3
                0x000000c6                __vector_23
                0x000000c6                __vector_30
                0x000000c6                __vector_25
                0x000000c6                __vector_11
                0x000000c6                __vector_13
                0x000000c6                __vector_19
                0x000000c6                __vector_7
                0x000000c6                __vector_27
                0x000000c6                __vector_5
                0x000000c6                __vector_33
                0x000000c6                __vector_4
                0x000000c6                __vector_9
                0x000000c6                __vector_2
                0x000000c6                __vector_15
                0x000000c6                __vector_29
                0x000000c6                __vector_8
                0x000000c6                __vector_26
                0x000000c6                __vector_14
                0x000000c6                __vector_10
                0x000000c6                __vector_16
                0x000000c6                __vector_18
                0x000000c6                __vector_20
                0x000000c8                . = ALIGN (0x2)
 *(.text.*)
 .text.initlight
                0x000000c8        0xe main.o
                0x000000c8                initlight
 .text.init     0x000000d6        0xe main.o
                0x000000d6                init
 .text.main     0x000000e4       0x4a main.o
                0x000000e4                main
 .text.display_write
                0x0000012e       0x8a C:\Program Files\NiboRoboLib\lib\nibo2-m128-16\libnibo2_base.a(display.o)
                0x0000012e                display_write
 .text.display_read
                0x000001b8       0x84 C:\Program Files\NiboRoboLib\lib\nibo2-m128-16\libnibo2_base.a(display.o)
                0x000001b8                display_read
 .text.display_wait
                0x0000023c       0x34 C:\Program Files\NiboRoboLib\lib\nibo2-m128-16\libnibo2_base.a(display.o)
                0x0000023c                display_wait
 .text.display_init
                0x00000270       0xd2 C:\Program Files\NiboRoboLib\lib\nibo2-m128-16\libnibo2_base.a(display.o)
                0x00000270                display_init
 .text.spi_restart_transmission
                0x00000342       0x3c C:\Program Files\NiboRoboLib\lib\nibo2-m128-16\libnibo2_base.a(spi.o)
                0x00000342                spi_restart_transmission
 .text.spi_init
                0x0000037e        0xc C:\Program Files\NiboRoboLib\lib\nibo2-m128-16\libnibo2_base.a(spi.o)
                0x0000037e                spi_init
 .text.__vector_17
                0x0000038a      0x12a C:\Program Files\NiboRoboLib\lib\nibo2-m128-16\libnibo2_base.a(spi.o)
                0x0000038a                __vector_17
 .text.gfx_set_proportional
                0x000004b4        0x6 C:\Program Files\NiboRoboLib\lib\nibo2-m128-16\libnibo2_base.a(gfx.o)
                0x000004b4                gfx_set_proportional
 .text.gfx_fill
                0x000004ba       0x5c C:\Program Files\NiboRoboLib\lib\nibo2-m128-16\libnibo2_base.a(gfx.o)
                0x000004ba                gfx_fill
 .text.gfx_init
                0x00000516       0x5c C:\Program Files\NiboRoboLib\lib\nibo2-m128-16\libnibo2_base.a(gfx.o)
                0x00000516                gfx_init
 .text.gfx_move
                0x00000572       0x58 C:\Program Files\NiboRoboLib\lib\nibo2-m128-16\libnibo2_base.a(gfx.o)
                0x00000572                gfx_move
 .text.gfx_display_write2
                0x000005ca       0x88 C:\Program Files\NiboRoboLib\lib\nibo2-m128-16\libnibo2_base.a(gfx.o)
                0x000005ca                gfx_display_write2
 .text.gfx_print_char_base
                0x00000652       0xe2 C:\Program Files\NiboRoboLib\lib\nibo2-m128-16\libnibo2_base.a(gfx.o)
                0x00000652                gfx_print_char_base
 .text.gfx_print_char
                0x00000734       0x40 C:\Program Files\NiboRoboLib\lib\nibo2-m128-16\libnibo2_base.a(gfx.o)
                0x00000734                gfx_print_char
 .text.gfx_print_text
                0x00000774       0x18 C:\Program Files\NiboRoboLib\lib\nibo2-m128-16\libnibo2_base.a(gfx.o)
                0x00000774                gfx_print_text
 .text.copro_setSpeed
                0x0000078c       0x1e C:\Program Files\NiboRoboLib\lib\nibo2-m128-16\libnibo2_base.a(copro.o)
                0x0000078c                copro_setSpeed
 .text.spi_finished_callback
                0x000007aa       0xac C:\Program Files\NiboRoboLib\lib\nibo2-m128-16\libnibo2_base.a(copro.o)
                0x000007aa                spi_finished_callback
 .text.bot_init
                0x00000856       0x2e C:\Program Files\NiboRoboLib\lib\nibo2-m128-16\libnibo2_base.a(bot.o)
                0x00000856                bot_init
 .text.analog_init
                0x00000884       0x10 C:\Program Files\NiboRoboLib\lib\nibo2-m128-16\libnibo2_base.a(analog.o)
                0x00000884                analog_init
 .text.analog_irq_hook
                0x00000894        0x2 C:\Program Files\NiboRoboLib\lib\nibo2-m128-16\libnibo2_base.a(analog.o)
                0x00000894                analog_irq_hook
 .text.__vector_21
                0x00000896      0x1e6 C:\Program Files\NiboRoboLib\lib\nibo2-m128-16\libnibo2_base.a(analog.o)
                0x00000896                __vector_21
 .text.avr-libc
                0x00000a7c      0x3fa c:/program files (x86)/atmel/studio/7.0/toolchain/avr8/avr8-gnu-toolchain/bin/../lib/gcc/avr/5.4.0/../../../../avr/lib/avr51\libc.a(vfprintf_std.o)
                0x00000a7c                vfprintf
 .text.avr-libc
                0x00000e76       0x16 c:/program files (x86)/atmel/studio/7.0/toolchain/avr8/avr8-gnu-toolchain/bin/../lib/gcc/avr/5.4.0/../../../../avr/lib/avr51\libc.a(strnlen_P.o)
                0x00000e76                strnlen_P
 .text.avr-libc
                0x00000e8c       0x16 c:/program files (x86)/atmel/studio/7.0/toolchain/avr8/avr8-gnu-toolchain/bin/../lib/gcc/avr/5.4.0/../../../../avr/lib/avr51\libc.a(strnlen.o)
                0x00000e8c                strnlen
 .text.avr-libc
                0x00000ea2       0x78 c:/program files (x86)/atmel/studio/7.0/toolchain/avr8/avr8-gnu-toolchain/bin/../lib/gcc/avr/5.4.0/../../../../avr/lib/avr51\libc.a(fputc.o)
                0x00000ea2                fputc
 .text.avr-libc
                0x00000f1a       0xbc c:/program files (x86)/atmel/studio/7.0/toolchain/avr8/avr8-gnu-toolchain/bin/../lib/gcc/avr/5.4.0/../../../../avr/lib/avr51\libc.a(ultoa_invert.o)
                0x00000f1a                __ultoa_invert
                0x00000fd6                . = ALIGN (0x2)
 *(.fini9)
 .fini9         0x00000fd6        0x0 c:/program files (x86)/atmel/studio/7.0/toolchain/avr8/avr8-gnu-toolchain/bin/../lib/gcc/avr/5.4.0/avr51\libgcc.a(_exit.o)
                0x00000fd6                _exit
                0x00000fd6                exit
 *(.fini9)
 *(.fini8)
 *(.fini8)
 *(.fini7)
 *(.fini7)
 *(.fini6)
 *(.fini6)
 *(.fini5)
 *(.fini5)
 *(.fini4)
 *(.fini4)
 *(.fini3)
 *(.fini3)
 *(.fini2)
 *(.fini2)
 *(.fini1)
 *(.fini1)
 *(.fini0)
 .fini0         0x00000fd6        0x4 c:/program files (x86)/atmel/studio/7.0/toolchain/avr8/avr8-gnu-toolchain/bin/../lib/gcc/avr/5.4.0/avr51\libgcc.a(_exit.o)
 *(.fini0)
                0x00000fda                _etext = .

.data           0x00800100      0x27a load address 0x00000fda
                0x00800100                PROVIDE (__data_start, .)
 *(.data)
 .data          0x00800100      0x240 C:\Program Files\NiboRoboLib\lib\nibo2-m128-16\libnibo2_base.a(gfx.o)
                0x00800100                fontTiles
 *(.data*)
 *(.gnu.linkonce.d*)
 *(.rodata)
 *(.rodata*)
 .rodata.str1.1
                0x00800340       0x39 main.o
 *(.gnu.linkonce.r*)
                0x0080037a                . = ALIGN (0x2)
 *fill*         0x00800379        0x1 
                0x0080037a                _edata = .
                0x0080037a                PROVIDE (__data_end, .)

.bss            0x0080037a       0xca
                0x0080037a                PROVIDE (__bss_start, .)
 *(.bss)
 *(.bss*)
 *(COMMON)
 COMMON         0x0080037a        0x2 C:\Program Files\NiboRoboLib\lib\nibo2-m128-16\libnibo2_base.a(display.o)
                0x0080037a                _display_mode_inv
                0x0080037b                display_type
 COMMON         0x0080037c       0x3e C:\Program Files\NiboRoboLib\lib\nibo2-m128-16\libnibo2_base.a(spi.o)
                0x0080037c                spi_tx_buf
                0x00800397                spi_rx_size
                0x00800398                spi_err_cnt
                0x00800399                spi_tx_size
                0x0080039a                spi_frame_cnt
                0x0080039b                spi_size
                0x0080039c                spi_rx_buf
                0x008003b7                spi_tx_chk
                0x008003b8                spi_pos
                0x008003b9                spi_rx_chk
 COMMON         0x008003ba        0xe C:\Program Files\NiboRoboLib\lib\nibo2-m128-16\libnibo2_base.a(gfx.o)
                0x008003ba                gfx_dm
                0x008003bb                gfx_term_row
                0x008003bc                gfx_proportional
                0x008003bd                gfx_x
                0x008003be                gfx_tile
                0x008003c6                gfx_y
                0x008003c7                gfx_term_col
 COMMON         0x008003c8       0x5d C:\Program Files\NiboRoboLib\lib\nibo2-m128-16\libnibo2_base.a(copro.o)
                0x008003c8                copro_ticks_offset_r
                0x008003ca                copro_ticks_offset_l
                0x008003cc                copro_current_l
                0x008003ce                copro_commands
                0x008003e3                copro_ticks_l
                0x008003e5                copro_rc5_cmd
                0x008003e7                copro_distance
                0x008003f1                copro_pos_x
                0x008003f5                copro_pos_ori
                0x008003f9                copro_speed_r
                0x008003fb                copro_ticks_r
                0x008003fd                copro_pos_y
                0x00800401                copro_ir_mode
                0x00800402                copro_rc5_count
                0x00800403                copro_current_r
                0x00800405                copro_buffer
                0x00800420                copro_target_distance
                0x00800422                copro_seq
                0x00800423                copro_speed_l
 COMMON         0x00800425       0x1f C:\Program Files\NiboRoboLib\lib\nibo2-m128-16\libnibo2_base.a(analog.o)
                0x00800425                analog_pos
                0x00800426                analog_flags
                0x00800427                analog_sample_id
                0x00800428                analog_samples
                0x00800442                analog_random_seed
                0x00800444                PROVIDE (__bss_end, .)
                0x00000fda                __data_load_start = LOADADDR (.data)
                0x00001254                __data_load_end = (__data_load_start + SIZEOF (.data))

.noinit         0x00800444        0x0
                [!provide]                PROVIDE (__noinit_start, .)
 *(.noinit*)
                [!provide]                PROVIDE (__noinit_end, .)
                0x00800444                _end = .
                [!provide]                PROVIDE (__heap_start, .)

.eeprom         0x00810000        0x0
 *(.eeprom*)
                0x00810000                __eeprom_end = .

.fuse
 *(.fuse)
 *(.lfuse)
 *(.hfuse)
 *(.efuse)

.lock
 *(.lock*)

.signature
 *(.signature*)

.user_signatures
 *(.user_signatures*)

.stab
 *(.stab)

.stabstr
 *(.stabstr)

.stab.excl
 *(.stab.excl)

.stab.exclstr
 *(.stab.exclstr)

.stab.index
 *(.stab.index)

.stab.indexstr
 *(.stab.indexstr)

.comment        0x00000000       0x5c
 *(.comment)
 .comment       0x00000000       0x30 main.o
                                 0x31 (size before relaxing)
 .comment       0x00000030       0x2c c:/program files (x86)/atmel/studio/7.0/toolchain/avr8/avr8-gnu-toolchain/bin/../lib/gcc/avr/5.4.0/../../../../avr/lib/avr51\libc.a(vfprintf_std.o)
                                 0x2d (size before relaxing)
 .comment       0x0000005c       0x31 c:/program files (x86)/atmel/studio/7.0/toolchain/avr8/avr8-gnu-toolchain/bin/../lib/gcc/avr/5.4.0/../../../../avr/lib/avr51\libc.a(fputc.o)

.note.gnu.avr.deviceinfo
                0x00000000       0x3c
 .note.gnu.avr.deviceinfo
                0x00000000       0x3c C:/Program Files (x86)/Atmel/Studio/7.0/Packs/atmel/ATmega_DFP/1.2.209/gcc/dev/atmega128/avr51/crtatmega128.o

.note.gnu.build-id
 *(.note.gnu.build-id)

.debug
 *(.debug)

.line
 *(.line)

.debug_srcinfo
 *(.debug_srcinfo)

.debug_sfnames
 *(.debug_sfnames)

.debug_aranges  0x00000000       0x30
 *(.debug_aranges)
 .debug_aranges
                0x00000000       0x30 main.o

.debug_pubnames
 *(.debug_pubnames)

.debug_info     0x00000000      0xaba
 *(.debug_info .gnu.linkonce.wi.*)
 .debug_info    0x00000000      0x780 C:/Program Files (x86)/Atmel/Studio/7.0/Packs/atmel/ATmega_DFP/1.2.209/gcc/dev/atmega128/avr51/crtatmega128.o
 .debug_info    0x00000780      0x33a main.o

.debug_abbrev   0x00000000      0x816
 *(.debug_abbrev)
 .debug_abbrev  0x00000000      0x718 C:/Program Files (x86)/Atmel/Studio/7.0/Packs/atmel/ATmega_DFP/1.2.209/gcc/dev/atmega128/avr51/crtatmega128.o
 .debug_abbrev  0x00000718       0xfe main.o

.debug_line     0x00000000      0x2a3
 *(.debug_line .debug_line.* .debug_line_end)
 .debug_line    0x00000000      0x169 C:/Program Files (x86)/Atmel/Studio/7.0/Packs/atmel/ATmega_DFP/1.2.209/gcc/dev/atmega128/avr51/crtatmega128.o
 .debug_line    0x00000169      0x13a main.o

.debug_frame    0x00000000       0x44
 *(.debug_frame)
 .debug_frame   0x00000000       0x44 main.o

.debug_str      0x00000000      0x443
 *(.debug_str)
 .debug_str     0x00000000      0x27d C:/Program Files (x86)/Atmel/Studio/7.0/Packs/atmel/ATmega_DFP/1.2.209/gcc/dev/atmega128/avr51/crtatmega128.o
 .debug_str     0x0000027d      0x1c6 main.o
                                0x209 (size before relaxing)

.debug_loc
 *(.debug_loc)

.debug_macinfo
 *(.debug_macinfo)

.debug_weaknames
 *(.debug_weaknames)

.debug_funcnames
 *(.debug_funcnames)

.debug_typenames
 *(.debug_typenames)

.debug_varnames
 *(.debug_varnames)

.debug_pubtypes
 *(.debug_pubtypes)

.debug_ranges   0x00000000       0x20
 *(.debug_ranges)
 .debug_ranges  0x00000000       0x20 main.o

.debug_macro
 *(.debug_macro)
OUTPUT(nibo2onceagain.elf elf32-avr)
LOAD linker stubs
